/home/ubuntu/uav-swarm-sar/ros2_ws/install/sar_planning/lib/python3.10/site-packages/sar_planning/probability_map_node.py
/home/ubuntu/uav-swarm-sar/ros2_ws/install/sar_planning/lib/python3.10/site-packages/sar_planning/rf_doppler_stub.py
/home/ubuntu/uav-swarm-sar/ros2_ws/install/sar_planning/lib/python3.10/site-packages/sar_planning/plane_bridge.py
/home/ubuntu/uav-swarm-sar/ros2_ws/install/sar_planning/lib/python3.10/site-packages/sar_planning/metrics_logger.py
/home/ubuntu/uav-swarm-sar/ros2_ws/install/sar_planning/lib/python3.10/site-packages/sar_planning/quad_bridge.py
/home/ubuntu/uav-swarm-sar/ros2_ws/install/sar_planning/lib/python3.10/site-packages/sar_planning/rrtstar_planner.py
/home/ubuntu/uav-swarm-sar/ros2_ws/install/sar_planning/lib/python3.10/site-packages/sar_planning/experiment_runner.py
/home/ubuntu/uav-swarm-sar/ros2_ws/install/sar_planning/lib/python3.10/site-packages/sar_planning/yolo11s_detector.py
/home/ubuntu/uav-swarm-sar/ros2_ws/install/sar_planning/lib/python3.10/site-packages/sar_planning/ekf_node.py
/home/ubuntu/uav-swarm-sar/ros2_ws/install/sar_planning/lib/python3.10/site-packages/sar_planning/vfh_navigator.py
/home/ubuntu/uav-swarm-sar/ros2_ws/install/sar_planning/lib/python3.10/site-packages/sar_planning/__init__.py
/home/ubuntu/uav-swarm-sar/ros2_ws/install/sar_planning/lib/python3.10/site-packages/sar_planning/apf_navigator.py
/home/ubuntu/uav-swarm-sar/ros2_ws/install/sar_planning/lib/python3.10/site-packages/sar_planning/thermal_camera_node.py
/home/ubuntu/uav-swarm-sar/ros2_ws/install/sar_planning/lib/python3.10/site-packages/sar_planning/cnp_coordinator.py
/home/ubuntu/uav-swarm-sar/ros2_ws/install/sar_planning/lib/python3.10/site-packages/sar_planning/heartbeat_monitor.py
/home/ubuntu/uav-swarm-sar/ros2_ws/install/sar_planning/lib/python3.10/site-packages/sar_planning/waypoint_selector.py
/home/ubuntu/uav-swarm-sar/ros2_ws/install/sar_planning/lib/python3.10/site-packages/sar_planning/__pycache__/probability_map_node.cpython-310.pyc
/home/ubuntu/uav-swarm-sar/ros2_ws/install/sar_planning/lib/python3.10/site-packages/sar_planning/__pycache__/rf_doppler_stub.cpython-310.pyc
/home/ubuntu/uav-swarm-sar/ros2_ws/install/sar_planning/lib/python3.10/site-packages/sar_planning/__pycache__/plane_bridge.cpython-310.pyc
/home/ubuntu/uav-swarm-sar/ros2_ws/install/sar_planning/lib/python3.10/site-packages/sar_planning/__pycache__/metrics_logger.cpython-310.pyc
/home/ubuntu/uav-swarm-sar/ros2_ws/install/sar_planning/lib/python3.10/site-packages/sar_planning/__pycache__/quad_bridge.cpython-310.pyc
/home/ubuntu/uav-swarm-sar/ros2_ws/install/sar_planning/lib/python3.10/site-packages/sar_planning/__pycache__/rrtstar_planner.cpython-310.pyc
/home/ubuntu/uav-swarm-sar/ros2_ws/install/sar_planning/lib/python3.10/site-packages/sar_planning/__pycache__/experiment_runner.cpython-310.pyc
/home/ubuntu/uav-swarm-sar/ros2_ws/install/sar_planning/lib/python3.10/site-packages/sar_planning/__pycache__/yolo11s_detector.cpython-310.pyc
/home/ubuntu/uav-swarm-sar/ros2_ws/install/sar_planning/lib/python3.10/site-packages/sar_planning/__pycache__/ekf_node.cpython-310.pyc
/home/ubuntu/uav-swarm-sar/ros2_ws/install/sar_planning/lib/python3.10/site-packages/sar_planning/__pycache__/vfh_navigator.cpython-310.pyc
/home/ubuntu/uav-swarm-sar/ros2_ws/install/sar_planning/lib/python3.10/site-packages/sar_planning/__pycache__/__init__.cpython-310.pyc
/home/ubuntu/uav-swarm-sar/ros2_ws/install/sar_planning/lib/python3.10/site-packages/sar_planning/__pycache__/apf_navigator.cpython-310.pyc
/home/ubuntu/uav-swarm-sar/ros2_ws/install/sar_planning/lib/python3.10/site-packages/sar_planning/__pycache__/thermal_camera_node.cpython-310.pyc
/home/ubuntu/uav-swarm-sar/ros2_ws/install/sar_planning/lib/python3.10/site-packages/sar_planning/__pycache__/cnp_coordinator.cpython-310.pyc
/home/ubuntu/uav-swarm-sar/ros2_ws/install/sar_planning/lib/python3.10/site-packages/sar_planning/__pycache__/heartbeat_monitor.cpython-310.pyc
/home/ubuntu/uav-swarm-sar/ros2_ws/install/sar_planning/lib/python3.10/site-packages/sar_planning/__pycache__/waypoint_selector.cpython-310.pyc
/home/ubuntu/uav-swarm-sar/ros2_ws/install/sar_planning/share/ament_index/resource_index/packages/sar_planning
/home/ubuntu/uav-swarm-sar/ros2_ws/install/sar_planning/share/sar_planning/package.xml
/home/ubuntu/uav-swarm-sar/ros2_ws/install/sar_planning/share/sar_planning/launch/multi_uav_launch.py
/home/ubuntu/uav-swarm-sar/ros2_ws/install/sar_planning/share/sar_planning/launch/nav_stack.launch.py
/home/ubuntu/uav-swarm-sar/ros2_ws/install/sar_planning/share/sar_planning/launch/planning_stack.launch.py
/home/ubuntu/uav-swarm-sar/ros2_ws/install/sar_planning/lib/python3.10/site-packages/sar_planning-0.0.0-py3.10.egg-info/requires.txt
/home/ubuntu/uav-swarm-sar/ros2_ws/install/sar_planning/lib/python3.10/site-packages/sar_planning-0.0.0-py3.10.egg-info/entry_points.txt
/home/ubuntu/uav-swarm-sar/ros2_ws/install/sar_planning/lib/python3.10/site-packages/sar_planning-0.0.0-py3.10.egg-info/dependency_links.txt
/home/ubuntu/uav-swarm-sar/ros2_ws/install/sar_planning/lib/python3.10/site-packages/sar_planning-0.0.0-py3.10.egg-info/SOURCES.txt
/home/ubuntu/uav-swarm-sar/ros2_ws/install/sar_planning/lib/python3.10/site-packages/sar_planning-0.0.0-py3.10.egg-info/top_level.txt
/home/ubuntu/uav-swarm-sar/ros2_ws/install/sar_planning/lib/python3.10/site-packages/sar_planning-0.0.0-py3.10.egg-info/zip-safe
/home/ubuntu/uav-swarm-sar/ros2_ws/install/sar_planning/lib/python3.10/site-packages/sar_planning-0.0.0-py3.10.egg-info/PKG-INFO
/home/ubuntu/uav-swarm-sar/ros2_ws/install/sar_planning/lib/sar_planning/apf_navigator
/home/ubuntu/uav-swarm-sar/ros2_ws/install/sar_planning/lib/sar_planning/cnp_coordinator
/home/ubuntu/uav-swarm-sar/ros2_ws/install/sar_planning/lib/sar_planning/ekf_node
/home/ubuntu/uav-swarm-sar/ros2_ws/install/sar_planning/lib/sar_planning/experiment_runner
/home/ubuntu/uav-swarm-sar/ros2_ws/install/sar_planning/lib/sar_planning/heartbeat_monitor
/home/ubuntu/uav-swarm-sar/ros2_ws/install/sar_planning/lib/sar_planning/metrics_logger
/home/ubuntu/uav-swarm-sar/ros2_ws/install/sar_planning/lib/sar_planning/plane_bridge
/home/ubuntu/uav-swarm-sar/ros2_ws/install/sar_planning/lib/sar_planning/probability_map_node
/home/ubuntu/uav-swarm-sar/ros2_ws/install/sar_planning/lib/sar_planning/quad_bridge
/home/ubuntu/uav-swarm-sar/ros2_ws/install/sar_planning/lib/sar_planning/rf_doppler_stub
/home/ubuntu/uav-swarm-sar/ros2_ws/install/sar_planning/lib/sar_planning/rrtstar_planner
/home/ubuntu/uav-swarm-sar/ros2_ws/install/sar_planning/lib/sar_planning/thermal_camera_node
/home/ubuntu/uav-swarm-sar/ros2_ws/install/sar_planning/lib/sar_planning/vfh_navigator
/home/ubuntu/uav-swarm-sar/ros2_ws/install/sar_planning/lib/sar_planning/waypoint_selector
/home/ubuntu/uav-swarm-sar/ros2_ws/install/sar_planning/lib/sar_planning/yolo11s_detector
