running egg_info
creating ../../build/sar_planning/sar_planning.egg-info
writing ../../build/sar_planning/sar_planning.egg-info/PKG-INFO
writing dependency_links to ../../build/sar_planning/sar_planning.egg-info/dependency_links.txt
writing entry points to ../../build/sar_planning/sar_planning.egg-info/entry_points.txt
writing requirements to ../../build/sar_planning/sar_planning.egg-info/requires.txt
writing top-level names to ../../build/sar_planning/sar_planning.egg-info/top_level.txt
writing manifest file '../../build/sar_planning/sar_planning.egg-info/SOURCES.txt'
reading manifest file '../../build/sar_planning/sar_planning.egg-info/SOURCES.txt'
writing manifest file '../../build/sar_planning/sar_planning.egg-info/SOURCES.txt'
running build
running build_py
creating /home/ubuntu/uav-swarm-sar/ros2_ws/build/sar_planning/build
creating /home/ubuntu/uav-swarm-sar/ros2_ws/build/sar_planning/build/lib
creating /home/ubuntu/uav-swarm-sar/ros2_ws/build/sar_planning/build/lib/sar_planning
copying sar_planning/probability_map_node.py -> /home/ubuntu/uav-swarm-sar/ros2_ws/build/sar_planning/build/lib/sar_planning
copying sar_planning/rf_doppler_stub.py -> /home/ubuntu/uav-swarm-sar/ros2_ws/build/sar_planning/build/lib/sar_planning
copying sar_planning/plane_bridge.py -> /home/ubuntu/uav-swarm-sar/ros2_ws/build/sar_planning/build/lib/sar_planning
copying sar_planning/metrics_logger.py -> /home/ubuntu/uav-swarm-sar/ros2_ws/build/sar_planning/build/lib/sar_planning
copying sar_planning/quad_bridge.py -> /home/ubuntu/uav-swarm-sar/ros2_ws/build/sar_planning/build/lib/sar_planning
copying sar_planning/rrtstar_planner.py -> /home/ubuntu/uav-swarm-sar/ros2_ws/build/sar_planning/build/lib/sar_planning
copying sar_planning/experiment_runner.py -> /home/ubuntu/uav-swarm-sar/ros2_ws/build/sar_planning/build/lib/sar_planning
copying sar_planning/yolo11s_detector.py -> /home/ubuntu/uav-swarm-sar/ros2_ws/build/sar_planning/build/lib/sar_planning
copying sar_planning/ekf_node.py -> /home/ubuntu/uav-swarm-sar/ros2_ws/build/sar_planning/build/lib/sar_planning
copying sar_planning/vfh_navigator.py -> /home/ubuntu/uav-swarm-sar/ros2_ws/build/sar_planning/build/lib/sar_planning
copying sar_planning/__init__.py -> /home/ubuntu/uav-swarm-sar/ros2_ws/build/sar_planning/build/lib/sar_planning
copying sar_planning/apf_navigator.py -> /home/ubuntu/uav-swarm-sar/ros2_ws/build/sar_planning/build/lib/sar_planning
copying sar_planning/thermal_camera_node.py -> /home/ubuntu/uav-swarm-sar/ros2_ws/build/sar_planning/build/lib/sar_planning
copying sar_planning/cnp_coordinator.py -> /home/ubuntu/uav-swarm-sar/ros2_ws/build/sar_planning/build/lib/sar_planning
copying sar_planning/heartbeat_monitor.py -> /home/ubuntu/uav-swarm-sar/ros2_ws/build/sar_planning/build/lib/sar_planning
copying sar_planning/waypoint_selector.py -> /home/ubuntu/uav-swarm-sar/ros2_ws/build/sar_planning/build/lib/sar_planning
running install
running install_lib
creating /home/ubuntu/uav-swarm-sar/ros2_ws/install/sar_planning/lib/python3.10/site-packages/sar_planning
copying /home/ubuntu/uav-swarm-sar/ros2_ws/build/sar_planning/build/lib/sar_planning/probability_map_node.py -> /home/ubuntu/uav-swarm-sar/ros2_ws/install/sar_planning/lib/python3.10/site-packages/sar_planning
copying /home/ubuntu/uav-swarm-sar/ros2_ws/build/sar_planning/build/lib/sar_planning/rf_doppler_stub.py -> /home/ubuntu/uav-swarm-sar/ros2_ws/install/sar_planning/lib/python3.10/site-packages/sar_planning
copying /home/ubuntu/uav-swarm-sar/ros2_ws/build/sar_planning/build/lib/sar_planning/plane_bridge.py -> /home/ubuntu/uav-swarm-sar/ros2_ws/install/sar_planning/lib/python3.10/site-packages/sar_planning
copying /home/ubuntu/uav-swarm-sar/ros2_ws/build/sar_planning/build/lib/sar_planning/metrics_logger.py -> /home/ubuntu/uav-swarm-sar/ros2_ws/install/sar_planning/lib/python3.10/site-packages/sar_planning
copying /home/ubuntu/uav-swarm-sar/ros2_ws/build/sar_planning/build/lib/sar_planning/quad_bridge.py -> /home/ubuntu/uav-swarm-sar/ros2_ws/install/sar_planning/lib/python3.10/site-packages/sar_planning
copying /home/ubuntu/uav-swarm-sar/ros2_ws/build/sar_planning/build/lib/sar_planning/rrtstar_planner.py -> /home/ubuntu/uav-swarm-sar/ros2_ws/install/sar_planning/lib/python3.10/site-packages/sar_planning
copying /home/ubuntu/uav-swarm-sar/ros2_ws/build/sar_planning/build/lib/sar_planning/experiment_runner.py -> /home/ubuntu/uav-swarm-sar/ros2_ws/install/sar_planning/lib/python3.10/site-packages/sar_planning
copying /home/ubuntu/uav-swarm-sar/ros2_ws/build/sar_planning/build/lib/sar_planning/yolo11s_detector.py -> /home/ubuntu/uav-swarm-sar/ros2_ws/install/sar_planning/lib/python3.10/site-packages/sar_planning
copying /home/ubuntu/uav-swarm-sar/ros2_ws/build/sar_planning/build/lib/sar_planning/ekf_node.py -> /home/ubuntu/uav-swarm-sar/ros2_ws/install/sar_planning/lib/python3.10/site-packages/sar_planning
copying /home/ubuntu/uav-swarm-sar/ros2_ws/build/sar_planning/build/lib/sar_planning/vfh_navigator.py -> /home/ubuntu/uav-swarm-sar/ros2_ws/install/sar_planning/lib/python3.10/site-packages/sar_planning
copying /home/ubuntu/uav-swarm-sar/ros2_ws/build/sar_planning/build/lib/sar_planning/__init__.py -> /home/ubuntu/uav-swarm-sar/ros2_ws/install/sar_planning/lib/python3.10/site-packages/sar_planning
copying /home/ubuntu/uav-swarm-sar/ros2_ws/build/sar_planning/build/lib/sar_planning/apf_navigator.py -> /home/ubuntu/uav-swarm-sar/ros2_ws/install/sar_planning/lib/python3.10/site-packages/sar_planning
copying /home/ubuntu/uav-swarm-sar/ros2_ws/build/sar_planning/build/lib/sar_planning/thermal_camera_node.py -> /home/ubuntu/uav-swarm-sar/ros2_ws/install/sar_planning/lib/python3.10/site-packages/sar_planning
copying /home/ubuntu/uav-swarm-sar/ros2_ws/build/sar_planning/build/lib/sar_planning/cnp_coordinator.py -> /home/ubuntu/uav-swarm-sar/ros2_ws/install/sar_planning/lib/python3.10/site-packages/sar_planning
copying /home/ubuntu/uav-swarm-sar/ros2_ws/build/sar_planning/build/lib/sar_planning/heartbeat_monitor.py -> /home/ubuntu/uav-swarm-sar/ros2_ws/install/sar_planning/lib/python3.10/site-packages/sar_planning
copying /home/ubuntu/uav-swarm-sar/ros2_ws/build/sar_planning/build/lib/sar_planning/waypoint_selector.py -> /home/ubuntu/uav-swarm-sar/ros2_ws/install/sar_planning/lib/python3.10/site-packages/sar_planning
byte-compiling /home/ubuntu/uav-swarm-sar/ros2_ws/install/sar_planning/lib/python3.10/site-packages/sar_planning/probability_map_node.py to probability_map_node.cpython-310.pyc
byte-compiling /home/ubuntu/uav-swarm-sar/ros2_ws/install/sar_planning/lib/python3.10/site-packages/sar_planning/rf_doppler_stub.py to rf_doppler_stub.cpython-310.pyc
byte-compiling /home/ubuntu/uav-swarm-sar/ros2_ws/install/sar_planning/lib/python3.10/site-packages/sar_planning/plane_bridge.py to plane_bridge.cpython-310.pyc
byte-compiling /home/ubuntu/uav-swarm-sar/ros2_ws/install/sar_planning/lib/python3.10/site-packages/sar_planning/metrics_logger.py to metrics_logger.cpython-310.pyc
byte-compiling /home/ubuntu/uav-swarm-sar/ros2_ws/install/sar_planning/lib/python3.10/site-packages/sar_planning/quad_bridge.py to quad_bridge.cpython-310.pyc
byte-compiling /home/ubuntu/uav-swarm-sar/ros2_ws/install/sar_planning/lib/python3.10/site-packages/sar_planning/rrtstar_planner.py to rrtstar_planner.cpython-310.pyc
byte-compiling /home/ubuntu/uav-swarm-sar/ros2_ws/install/sar_planning/lib/python3.10/site-packages/sar_planning/experiment_runner.py to experiment_runner.cpython-310.pyc
byte-compiling /home/ubuntu/uav-swarm-sar/ros2_ws/install/sar_planning/lib/python3.10/site-packages/sar_planning/yolo11s_detector.py to yolo11s_detector.cpython-310.pyc
byte-compiling /home/ubuntu/uav-swarm-sar/ros2_ws/install/sar_planning/lib/python3.10/site-packages/sar_planning/ekf_node.py to ekf_node.cpython-310.pyc
byte-compiling /home/ubuntu/uav-swarm-sar/ros2_ws/install/sar_planning/lib/python3.10/site-packages/sar_planning/vfh_navigator.py to vfh_navigator.cpython-310.pyc
byte-compiling /home/ubuntu/uav-swarm-sar/ros2_ws/install/sar_planning/lib/python3.10/site-packages/sar_planning/__init__.py to __init__.cpython-310.pyc
byte-compiling /home/ubuntu/uav-swarm-sar/ros2_ws/install/sar_planning/lib/python3.10/site-packages/sar_planning/apf_navigator.py to apf_navigator.cpython-310.pyc
byte-compiling /home/ubuntu/uav-swarm-sar/ros2_ws/install/sar_planning/lib/python3.10/site-packages/sar_planning/thermal_camera_node.py to thermal_camera_node.cpython-310.pyc
byte-compiling /home/ubuntu/uav-swarm-sar/ros2_ws/install/sar_planning/lib/python3.10/site-packages/sar_planning/cnp_coordinator.py to cnp_coordinator.cpython-310.pyc
byte-compiling /home/ubuntu/uav-swarm-sar/ros2_ws/install/sar_planning/lib/python3.10/site-packages/sar_planning/heartbeat_monitor.py to heartbeat_monitor.cpython-310.pyc
byte-compiling /home/ubuntu/uav-swarm-sar/ros2_ws/install/sar_planning/lib/python3.10/site-packages/sar_planning/waypoint_selector.py to waypoint_selector.cpython-310.pyc
running install_data
creating /home/ubuntu/uav-swarm-sar/ros2_ws/install/sar_planning/share/ament_index
creating /home/ubuntu/uav-swarm-sar/ros2_ws/install/sar_planning/share/ament_index/resource_index
creating /home/ubuntu/uav-swarm-sar/ros2_ws/install/sar_planning/share/ament_index/resource_index/packages
copying resource/sar_planning -> /home/ubuntu/uav-swarm-sar/ros2_ws/install/sar_planning/share/ament_index/resource_index/packages
copying package.xml -> /home/ubuntu/uav-swarm-sar/ros2_ws/install/sar_planning/share/sar_planning
creating /home/ubuntu/uav-swarm-sar/ros2_ws/install/sar_planning/share/sar_planning/launch
copying launch/multi_uav_launch.py -> /home/ubuntu/uav-swarm-sar/ros2_ws/install/sar_planning/share/sar_planning/launch
copying launch/nav_stack.launch.py -> /home/ubuntu/uav-swarm-sar/ros2_ws/install/sar_planning/share/sar_planning/launch
copying launch/planning_stack.launch.py -> /home/ubuntu/uav-swarm-sar/ros2_ws/install/sar_planning/share/sar_planning/launch
running install_egg_info
Copying ../../build/sar_planning/sar_planning.egg-info to /home/ubuntu/uav-swarm-sar/ros2_ws/install/sar_planning/lib/python3.10/site-packages/sar_planning-0.0.0-py3.10.egg-info
running install_scripts
Installing apf_navigator script to /home/ubuntu/uav-swarm-sar/ros2_ws/install/sar_planning/lib/sar_planning
Installing cnp_coordinator script to /home/ubuntu/uav-swarm-sar/ros2_ws/install/sar_planning/lib/sar_planning
Installing ekf_node script to /home/ubuntu/uav-swarm-sar/ros2_ws/install/sar_planning/lib/sar_planning
Installing experiment_runner script to /home/ubuntu/uav-swarm-sar/ros2_ws/install/sar_planning/lib/sar_planning
Installing heartbeat_monitor script to /home/ubuntu/uav-swarm-sar/ros2_ws/install/sar_planning/lib/sar_planning
Installing metrics_logger script to /home/ubuntu/uav-swarm-sar/ros2_ws/install/sar_planning/lib/sar_planning
Installing plane_bridge script to /home/ubuntu/uav-swarm-sar/ros2_ws/install/sar_planning/lib/sar_planning
Installing probability_map_node script to /home/ubuntu/uav-swarm-sar/ros2_ws/install/sar_planning/lib/sar_planning
Installing quad_bridge script to /home/ubuntu/uav-swarm-sar/ros2_ws/install/sar_planning/lib/sar_planning
Installing rf_doppler_stub script to /home/ubuntu/uav-swarm-sar/ros2_ws/install/sar_planning/lib/sar_planning
Installing rrtstar_planner script to /home/ubuntu/uav-swarm-sar/ros2_ws/install/sar_planning/lib/sar_planning
Installing thermal_camera_node script to /home/ubuntu/uav-swarm-sar/ros2_ws/install/sar_planning/lib/sar_planning
Installing vfh_navigator script to /home/ubuntu/uav-swarm-sar/ros2_ws/install/sar_planning/lib/sar_planning
Installing waypoint_selector script to /home/ubuntu/uav-swarm-sar/ros2_ws/install/sar_planning/lib/sar_planning
Installing yolo11s_detector script to /home/ubuntu/uav-swarm-sar/ros2_ws/install/sar_planning/lib/sar_planning
writing list of installed files to '/home/ubuntu/uav-swarm-sar/ros2_ws/build/sar_planning/install.log'
