[1.556s] Invoking command in '/home/ubuntu/uav-swarm-sar/ros2_ws/src/sar_planning': PYTHONPATH=/home/ubuntu/uav-swarm-sar/ros2_ws/build/sar_planning/prefix_override:/usr/lib/python3/dist-packages/colcon_core/task/python/colcon_distutils_commands:/home/ubuntu/uav-swarm-sar/ros2_ws/install/sar_planning/lib/python3.10/site-packages:${PYTHONPATH} /usr/bin/python3 -W ignore:setup.py install is deprecated -W ignore:easy_install command is deprecated setup.py egg_info --egg-base ../../build/sar_planning build --build-base /home/ubuntu/uav-swarm-sar/ros2_ws/build/sar_planning/build install --record /home/ubuntu/uav-swarm-sar/ros2_ws/build/sar_planning/install.log --install-scripts $base/lib/sar_planning --single-version-externally-managed install_data
[1.857s] running egg_info
[1.857s] creating ../../build/sar_planning/sar_planning.egg-info
[1.858s] writing ../../build/sar_planning/sar_planning.egg-info/PKG-INFO
[1.858s] writing dependency_links to ../../build/sar_planning/sar_planning.egg-info/dependency_links.txt
[1.858s] writing entry points to ../../build/sar_planning/sar_planning.egg-info/entry_points.txt
[1.859s] writing requirements to ../../build/sar_planning/sar_planning.egg-info/requires.txt
[1.859s] writing top-level names to ../../build/sar_planning/sar_planning.egg-info/top_level.txt
[1.859s] writing manifest file '../../build/sar_planning/sar_planning.egg-info/SOURCES.txt'
[1.876s] reading manifest file '../../build/sar_planning/sar_planning.egg-info/SOURCES.txt'
[1.877s] writing manifest file '../../build/sar_planning/sar_planning.egg-info/SOURCES.txt'
[1.877s] running build
[1.877s] running build_py
[1.877s] creating /home/ubuntu/uav-swarm-sar/ros2_ws/build/sar_planning/build
[1.877s] creating /home/ubuntu/uav-swarm-sar/ros2_ws/build/sar_planning/build/lib
[1.877s] creating /home/ubuntu/uav-swarm-sar/ros2_ws/build/sar_planning/build/lib/sar_planning
[1.878s] copying sar_planning/probability_map_node.py -> /home/ubuntu/uav-swarm-sar/ros2_ws/build/sar_planning/build/lib/sar_planning
[1.911s] copying sar_planning/rf_doppler_stub.py -> /home/ubuntu/uav-swarm-sar/ros2_ws/build/sar_planning/build/lib/sar_planning
[1.912s] copying sar_planning/plane_bridge.py -> /home/ubuntu/uav-swarm-sar/ros2_ws/build/sar_planning/build/lib/sar_planning
[1.913s] copying sar_planning/metrics_logger.py -> /home/ubuntu/uav-swarm-sar/ros2_ws/build/sar_planning/build/lib/sar_planning
[1.914s] copying sar_planning/quad_bridge.py -> /home/ubuntu/uav-swarm-sar/ros2_ws/build/sar_planning/build/lib/sar_planning
[1.915s] copying sar_planning/rrtstar_planner.py -> /home/ubuntu/uav-swarm-sar/ros2_ws/build/sar_planning/build/lib/sar_planning
[1.916s] copying sar_planning/experiment_runner.py -> /home/ubuntu/uav-swarm-sar/ros2_ws/build/sar_planning/build/lib/sar_planning
[1.917s] copying sar_planning/yolo11s_detector.py -> /home/ubuntu/uav-swarm-sar/ros2_ws/build/sar_planning/build/lib/sar_planning
[1.917s] copying sar_planning/ekf_node.py -> /home/ubuntu/uav-swarm-sar/ros2_ws/build/sar_planning/build/lib/sar_planning
[1.918s] copying sar_planning/vfh_navigator.py -> /home/ubuntu/uav-swarm-sar/ros2_ws/build/sar_planning/build/lib/sar_planning
[1.919s] copying sar_planning/__init__.py -> /home/ubuntu/uav-swarm-sar/ros2_ws/build/sar_planning/build/lib/sar_planning
[1.919s] copying sar_planning/apf_navigator.py -> /home/ubuntu/uav-swarm-sar/ros2_ws/build/sar_planning/build/lib/sar_planning
[1.920s] copying sar_planning/thermal_camera_node.py -> /home/ubuntu/uav-swarm-sar/ros2_ws/build/sar_planning/build/lib/sar_planning
[1.920s] copying sar_planning/cnp_coordinator.py -> /home/ubuntu/uav-swarm-sar/ros2_ws/build/sar_planning/build/lib/sar_planning
[1.921s] copying sar_planning/heartbeat_monitor.py -> /home/ubuntu/uav-swarm-sar/ros2_ws/build/sar_planning/build/lib/sar_planning
[1.922s] copying sar_planning/waypoint_selector.py -> /home/ubuntu/uav-swarm-sar/ros2_ws/build/sar_planning/build/lib/sar_planning
[1.923s] running install
[1.923s] running install_lib
[1.924s] creating /home/ubuntu/uav-swarm-sar/ros2_ws/install/sar_planning/lib/python3.10/site-packages/sar_planning
[1.925s] copying /home/ubuntu/uav-swarm-sar/ros2_ws/build/sar_planning/build/lib/sar_planning/probability_map_node.py -> /home/ubuntu/uav-swarm-sar/ros2_ws/install/sar_planning/lib/python3.10/site-packages/sar_planning
[1.925s] copying /home/ubuntu/uav-swarm-sar/ros2_ws/build/sar_planning/build/lib/sar_planning/rf_doppler_stub.py -> /home/ubuntu/uav-swarm-sar/ros2_ws/install/sar_planning/lib/python3.10/site-packages/sar_planning
[1.925s] copying /home/ubuntu/uav-swarm-sar/ros2_ws/build/sar_planning/build/lib/sar_planning/plane_bridge.py -> /home/ubuntu/uav-swarm-sar/ros2_ws/install/sar_planning/lib/python3.10/site-packages/sar_planning
[1.925s] copying /home/ubuntu/uav-swarm-sar/ros2_ws/build/sar_planning/build/lib/sar_planning/metrics_logger.py -> /home/ubuntu/uav-swarm-sar/ros2_ws/install/sar_planning/lib/python3.10/site-packages/sar_planning
[1.925s] copying /home/ubuntu/uav-swarm-sar/ros2_ws/build/sar_planning/build/lib/sar_planning/quad_bridge.py -> /home/ubuntu/uav-swarm-sar/ros2_ws/install/sar_planning/lib/python3.10/site-packages/sar_planning
[1.926s] copying /home/ubuntu/uav-swarm-sar/ros2_ws/build/sar_planning/build/lib/sar_planning/rrtstar_planner.py -> /home/ubuntu/uav-swarm-sar/ros2_ws/install/sar_planning/lib/python3.10/site-packages/sar_planning
[1.926s] copying /home/ubuntu/uav-swarm-sar/ros2_ws/build/sar_planning/build/lib/sar_planning/experiment_runner.py -> /home/ubuntu/uav-swarm-sar/ros2_ws/install/sar_planning/lib/python3.10/site-packages/sar_planning
[1.926s] copying /home/ubuntu/uav-swarm-sar/ros2_ws/build/sar_planning/build/lib/sar_planning/yolo11s_detector.py -> /home/ubuntu/uav-swarm-sar/ros2_ws/install/sar_planning/lib/python3.10/site-packages/sar_planning
[1.926s] copying /home/ubuntu/uav-swarm-sar/ros2_ws/build/sar_planning/build/lib/sar_planning/ekf_node.py -> /home/ubuntu/uav-swarm-sar/ros2_ws/install/sar_planning/lib/python3.10/site-packages/sar_planning
[1.927s] copying /home/ubuntu/uav-swarm-sar/ros2_ws/build/sar_planning/build/lib/sar_planning/vfh_navigator.py -> /home/ubuntu/uav-swarm-sar/ros2_ws/install/sar_planning/lib/python3.10/site-packages/sar_planning
[1.927s] copying /home/ubuntu/uav-swarm-sar/ros2_ws/build/sar_planning/build/lib/sar_planning/__init__.py -> /home/ubuntu/uav-swarm-sar/ros2_ws/install/sar_planning/lib/python3.10/site-packages/sar_planning
[1.927s] copying /home/ubuntu/uav-swarm-sar/ros2_ws/build/sar_planning/build/lib/sar_planning/apf_navigator.py -> /home/ubuntu/uav-swarm-sar/ros2_ws/install/sar_planning/lib/python3.10/site-packages/sar_planning
[1.927s] copying /home/ubuntu/uav-swarm-sar/ros2_ws/build/sar_planning/build/lib/sar_planning/thermal_camera_node.py -> /home/ubuntu/uav-swarm-sar/ros2_ws/install/sar_planning/lib/python3.10/site-packages/sar_planning
[1.927s] copying /home/ubuntu/uav-swarm-sar/ros2_ws/build/sar_planning/build/lib/sar_planning/cnp_coordinator.py -> /home/ubuntu/uav-swarm-sar/ros2_ws/install/sar_planning/lib/python3.10/site-packages/sar_planning
[1.928s] copying /home/ubuntu/uav-swarm-sar/ros2_ws/build/sar_planning/build/lib/sar_planning/heartbeat_monitor.py -> /home/ubuntu/uav-swarm-sar/ros2_ws/install/sar_planning/lib/python3.10/site-packages/sar_planning
[1.928s] copying /home/ubuntu/uav-swarm-sar/ros2_ws/build/sar_planning/build/lib/sar_planning/waypoint_selector.py -> /home/ubuntu/uav-swarm-sar/ros2_ws/install/sar_planning/lib/python3.10/site-packages/sar_planning
[1.929s] byte-compiling /home/ubuntu/uav-swarm-sar/ros2_ws/install/sar_planning/lib/python3.10/site-packages/sar_planning/probability_map_node.py to probability_map_node.cpython-310.pyc
[1.931s] byte-compiling /home/ubuntu/uav-swarm-sar/ros2_ws/install/sar_planning/lib/python3.10/site-packages/sar_planning/rf_doppler_stub.py to rf_doppler_stub.cpython-310.pyc
[1.932s] byte-compiling /home/ubuntu/uav-swarm-sar/ros2_ws/install/sar_planning/lib/python3.10/site-packages/sar_planning/plane_bridge.py to plane_bridge.cpython-310.pyc
[1.934s] byte-compiling /home/ubuntu/uav-swarm-sar/ros2_ws/install/sar_planning/lib/python3.10/site-packages/sar_planning/metrics_logger.py to metrics_logger.cpython-310.pyc
[1.935s] byte-compiling /home/ubuntu/uav-swarm-sar/ros2_ws/install/sar_planning/lib/python3.10/site-packages/sar_planning/quad_bridge.py to quad_bridge.cpython-310.pyc
[1.936s] byte-compiling /home/ubuntu/uav-swarm-sar/ros2_ws/install/sar_planning/lib/python3.10/site-packages/sar_planning/rrtstar_planner.py to rrtstar_planner.cpython-310.pyc
[1.941s] byte-compiling /home/ubuntu/uav-swarm-sar/ros2_ws/install/sar_planning/lib/python3.10/site-packages/sar_planning/experiment_runner.py to experiment_runner.cpython-310.pyc
[1.942s] byte-compiling /home/ubuntu/uav-swarm-sar/ros2_ws/install/sar_planning/lib/python3.10/site-packages/sar_planning/yolo11s_detector.py to yolo11s_detector.cpython-310.pyc
[1.943s] byte-compiling /home/ubuntu/uav-swarm-sar/ros2_ws/install/sar_planning/lib/python3.10/site-packages/sar_planning/ekf_node.py to ekf_node.cpython-310.pyc
[1.945s] byte-compiling /home/ubuntu/uav-swarm-sar/ros2_ws/install/sar_planning/lib/python3.10/site-packages/sar_planning/vfh_navigator.py to vfh_navigator.cpython-310.pyc
[1.947s] byte-compiling /home/ubuntu/uav-swarm-sar/ros2_ws/install/sar_planning/lib/python3.10/site-packages/sar_planning/__init__.py to __init__.cpython-310.pyc
[1.947s] byte-compiling /home/ubuntu/uav-swarm-sar/ros2_ws/install/sar_planning/lib/python3.10/site-packages/sar_planning/apf_navigator.py to apf_navigator.cpython-310.pyc
[1.949s] byte-compiling /home/ubuntu/uav-swarm-sar/ros2_ws/install/sar_planning/lib/python3.10/site-packages/sar_planning/thermal_camera_node.py to thermal_camera_node.cpython-310.pyc
[1.949s] byte-compiling /home/ubuntu/uav-swarm-sar/ros2_ws/install/sar_planning/lib/python3.10/site-packages/sar_planning/cnp_coordinator.py to cnp_coordinator.cpython-310.pyc
[1.951s] byte-compiling /home/ubuntu/uav-swarm-sar/ros2_ws/install/sar_planning/lib/python3.10/site-packages/sar_planning/heartbeat_monitor.py to heartbeat_monitor.cpython-310.pyc
[1.953s] byte-compiling /home/ubuntu/uav-swarm-sar/ros2_ws/install/sar_planning/lib/python3.10/site-packages/sar_planning/waypoint_selector.py to waypoint_selector.cpython-310.pyc
[1.953s] running install_data
[1.954s] creating /home/ubuntu/uav-swarm-sar/ros2_ws/install/sar_planning/share/ament_index
[1.954s] creating /home/ubuntu/uav-swarm-sar/ros2_ws/install/sar_planning/share/ament_index/resource_index
[1.954s] creating /home/ubuntu/uav-swarm-sar/ros2_ws/install/sar_planning/share/ament_index/resource_index/packages
[1.954s] copying resource/sar_planning -> /home/ubuntu/uav-swarm-sar/ros2_ws/install/sar_planning/share/ament_index/resource_index/packages
[1.954s] copying package.xml -> /home/ubuntu/uav-swarm-sar/ros2_ws/install/sar_planning/share/sar_planning
[1.954s] creating /home/ubuntu/uav-swarm-sar/ros2_ws/install/sar_planning/share/sar_planning/launch
[1.954s] copying launch/multi_uav_launch.py -> /home/ubuntu/uav-swarm-sar/ros2_ws/install/sar_planning/share/sar_planning/launch
[1.966s] copying launch/nav_stack.launch.py -> /home/ubuntu/uav-swarm-sar/ros2_ws/install/sar_planning/share/sar_planning/launch
[1.967s] copying launch/planning_stack.launch.py -> /home/ubuntu/uav-swarm-sar/ros2_ws/install/sar_planning/share/sar_planning/launch
[1.967s] running install_egg_info
[1.970s] Copying ../../build/sar_planning/sar_planning.egg-info to /home/ubuntu/uav-swarm-sar/ros2_ws/install/sar_planning/lib/python3.10/site-packages/sar_planning-0.0.0-py3.10.egg-info
[1.971s] running install_scripts
[1.993s] Installing apf_navigator script to /home/ubuntu/uav-swarm-sar/ros2_ws/install/sar_planning/lib/sar_planning
[1.993s] Installing cnp_coordinator script to /home/ubuntu/uav-swarm-sar/ros2_ws/install/sar_planning/lib/sar_planning
[1.993s] Installing ekf_node script to /home/ubuntu/uav-swarm-sar/ros2_ws/install/sar_planning/lib/sar_planning
[1.993s] Installing experiment_runner script to /home/ubuntu/uav-swarm-sar/ros2_ws/install/sar_planning/lib/sar_planning
[1.993s] Installing heartbeat_monitor script to /home/ubuntu/uav-swarm-sar/ros2_ws/install/sar_planning/lib/sar_planning
[1.993s] Installing metrics_logger script to /home/ubuntu/uav-swarm-sar/ros2_ws/install/sar_planning/lib/sar_planning
[1.994s] Installing plane_bridge script to /home/ubuntu/uav-swarm-sar/ros2_ws/install/sar_planning/lib/sar_planning
[1.994s] Installing probability_map_node script to /home/ubuntu/uav-swarm-sar/ros2_ws/install/sar_planning/lib/sar_planning
[1.994s] Installing quad_bridge script to /home/ubuntu/uav-swarm-sar/ros2_ws/install/sar_planning/lib/sar_planning
[1.994s] Installing rf_doppler_stub script to /home/ubuntu/uav-swarm-sar/ros2_ws/install/sar_planning/lib/sar_planning
[1.994s] Installing rrtstar_planner script to /home/ubuntu/uav-swarm-sar/ros2_ws/install/sar_planning/lib/sar_planning
[1.994s] Installing thermal_camera_node script to /home/ubuntu/uav-swarm-sar/ros2_ws/install/sar_planning/lib/sar_planning
[1.995s] Installing vfh_navigator script to /home/ubuntu/uav-swarm-sar/ros2_ws/install/sar_planning/lib/sar_planning
[1.995s] Installing waypoint_selector script to /home/ubuntu/uav-swarm-sar/ros2_ws/install/sar_planning/lib/sar_planning
[1.995s] Installing yolo11s_detector script to /home/ubuntu/uav-swarm-sar/ros2_ws/install/sar_planning/lib/sar_planning
[1.996s] writing list of installed files to '/home/ubuntu/uav-swarm-sar/ros2_ws/build/sar_planning/install.log'
[2.023s] Invoked command in '/home/ubuntu/uav-swarm-sar/ros2_ws/src/sar_planning' returned '0': PYTHONPATH=/home/ubuntu/uav-swarm-sar/ros2_ws/build/sar_planning/prefix_override:/usr/lib/python3/dist-packages/colcon_core/task/python/colcon_distutils_commands:/home/ubuntu/uav-swarm-sar/ros2_ws/install/sar_planning/lib/python3.10/site-packages:${PYTHONPATH} /usr/bin/python3 -W ignore:setup.py install is deprecated -W ignore:easy_install command is deprecated setup.py egg_info --egg-base ../../build/sar_planning build --build-base /home/ubuntu/uav-swarm-sar/ros2_ws/build/sar_planning/build install --record /home/ubuntu/uav-swarm-sar/ros2_ws/build/sar_planning/install.log --install-scripts $base/lib/sar_planning --single-version-externally-managed install_data
